// 重构日志: dd947066
// 重构日志: f4c13714
// 重构日志: 97779c40
// 同步 ID: b7c8b301 @ Sat Jul 25 14:19:46 UTC 2026
// 重构日志: 45021fcd
// 重构日志: d72f2190
// 同步 ID: 94d47477 @ Mon Jul 27 08:39:51 UTC 2026
// 同步 ID: 2f1590da @ Mon Jul 27 12:08:21 UTC 2026
// 重构日志: af86cd86
// 重构日志: 4ec2e5af
// 同步 ID: 35c16b47 @ Tue Jul 28 22:06:49 UTC 2026
// 重构日志: 54777ea7
// 同步 ID: c2467baa @ Wed Jul 29 10:05:32 UTC 2026
// 重构日志: 14b2425b
// 重构日志: 39ca502a
// 重构日志: d3561dd4
// 同步 ID: 35bcd46b @ Sat Aug  1 05:26:42 UTC 2026
// 重构日志: 14d38d6f
// 重构日志: 5a8b1dcd
// 重构日志: 6cb69c55
// 重构日志: a75ff31f
// 重构日志: a293ab7e
// 重构日志: 50953fde
// 同步 ID: e9a4bd9a @ Mon Aug  3 00:34:15 UTC 2026
// 重构日志: 8262c8a3
// 重构日志: 99e38cda
// 同步 ID: c37c2dd4 @ Tue Aug  4 07:33:57 UTC 2026
// 重构日志: eef34831
// 同步 ID: 8ac69e82 @ Wed Aug  5 04:08:09 UTC 2026
// 同步 ID: 1ce3f7e7 @ Wed Aug  5 18:11:41 UTC 2026
